[["user1", "7ddd4e549b62bfeb0fe27bdcc66988d8", 1], ["user2", "6896ae1b8d65b86b3ac0ca60f23307f0", 2]]
============================================================
Test case: {:game=>{:height=>4, :width=>4, :obstacles=>0, :creator=>1, :opponent=>2, :first_move=>0, :user_id=>1}, :moves=>[{:player=>0, :x=>0, :y=>0}, {:player=>1, :x=>0, :y=>0}, {:player=>0, :x=>0, :y=>0}, {:player=>1, :x=>0, :y=>0}], :last_move=>0}
Result of game creation:
{:errors=>[], :board=>1, :game=>1}
{:status=>0, :moves=>[{:id=>1, :movenumber=>0, :player=>0, :xlocation=>0, :ylocation=>0}, {:id=>2, :movenumber=>1, :player=>1, :xlocation=>0, :ylocation=>0}, {:id=>3, :movenumber=>2, :player=>0, :xlocation=>0, :ylocation=>0}, {:id=>4, :movenumber=>3, :player=>1, :xlocation=>0, :ylocation=>0}], :current_turn=>0, :errors=>[]}

