========================================
Game string:
+,#+brrrb+rrbrr+rbbbr+++rbbb+##bbrbb+rbr+r#rr+bb+++,7,7,2,rb,r

  [4, 544, 2, 1, 1, 1, 2]
  [272, 1, 1, 2, 1, 1, 1088]
  [1, 2, 2, 2, 1, 1088, 1024]
  [272, 1, 2, 2, 2, 0, 4]
  [4, 2, 2, 1, 2, 2, 1088]
  [1, 2, 1, 0, 1, 4, 1]
  [1, 2176, 2, 2, 3264, 3200, 3200]
# searching with depth 3 #
Score for player 1: -24444
Score for player 2: 24444
Move: [4, 6]
Score: 720
