========================================
Game string:
+,++r+r+bb#bb+rb+rb#brbrr+brrr#++rbb++,6,6,2,rb,b

  [800, 816, 1, 544, 1, 1600]
  [2, 2, 4, 2, 2, 1632]
  [1, 2, 0, 1, 2, 4]
  [2, 1, 2, 1, 1, 3264]
  [2, 1, 1, 1, 4, 3136]
  [2448, 1, 2, 2, 3264, 3072]
# searching with depth 3 #
Score for player 1: -496
Score for player 2: 496
Move: [3, 0]
Score: 912
